// Vitest Snapshot v1, https://vitest.dev/guide/snapshot.html

exports[`runtime.ts > should throw an error, if i18n was not initialized and used 1`] = `[Error: i18n not initialized. Call initializeI18n first.]`;
