// Vitest Snapshot v1, https://vitest.dev/guide/snapshot.html

exports[`i18nFileLoader > should handle input without i18n 1`] = `
[
  [
    "omni",
    {
      "data": {
        "basePath": "/",
        "contentPath": "src/content/gallery",
        "cover": "./animals1.jpg",
        "images": [
          {
            "src": "./animals1.jpg",
          },
          {
            "src": "./animals2.jpg",
          },
          {
            "src": "./animals3.jpg",
          },
          {
            "src": "./animals4.jpg",
          },
          {
            "src": "./animals5.jpg",
          },
        ],
        "locale": "und",
        "title": "Omni",
        "translationId": "src/content/gallery/omni.yml",
      },
      "filePath": "src/content/gallery/omni.yml",
      "id": "omni",
    },
  ],
]
`;

exports[`i18nFileLoader > should put common translation id and locale in data 1`] = `
[
  [
    "space/de-CH",
    {
      "data": {
        "basePath": "/",
        "contentPath": "src/content/gallery",
        "cover": "./space1.jpg",
        "images": [
          {
            "src": "./space1.jpg",
            "title": "Weltraum1",
          },
          {
            "src": "./space2.jpg",
            "title": "Weltraum2",
          },
          {
            "src": "./space3.jpg",
            "title": "Weltraum3",
          },
          {
            "src": "./space4.jpg",
            "title": "Weltraum4",
          },
          {
            "src": "./space5.jpg",
            "title": "Weltraum5",
          },
        ],
        "locale": "de-CH",
        "title": "Weltraum",
        "translationId": "src/content/gallery/space.yml",
      },
      "filePath": "src/content/gallery/space.yml",
      "id": "space/de-CH",
    },
  ],
  [
    "space/zh-CN",
    {
      "data": {
        "basePath": "/",
        "contentPath": "src/content/gallery",
        "cover": "./space1.jpg",
        "images": [
          {
            "src": "./space1.jpg",
            "title": "Space1",
          },
          {
            "src": "./space2.jpg",
            "title": "Space2",
          },
          {
            "src": "./space3.jpg",
            "title": "Space3",
          },
          {
            "src": "./space4.jpg",
            "title": "Space4",
          },
          {
            "src": "./space5.jpg",
            "title": "Space5",
          },
        ],
        "locale": "zh-CN",
        "title": "太空",
        "translationId": "src/content/gallery/space.yml",
      },
      "filePath": "src/content/gallery/space.yml",
      "id": "space/zh-CN",
    },
  ],
  [
    "gallery/de-CH",
    {
      "data": {
        "basePath": "/",
        "contentPath": "src/content/gallery",
        "items": [
          {
            "label": "Robin improvisiert beim Arbeiten",
            "photo": "./team/robin.jpg",
          },
          {
            "label": "Robin präsentiert",
            "photo": "./team/robin-presents.jpeg",
          },
          {
            "label": "Unser Labor",
            "photo": "./team/our-lab.jpg",
          },
          {
            "label": "Team-Retreat 2024",
            "photo": "./team/retraite-2024.jpg",
          },
        ],
        "locale": "de-CH",
        "translationId": "src/content/gallery/gallery.yml",
      },
      "filePath": "src/content/gallery/gallery.yml",
      "id": "gallery/de-CH",
    },
  ],
  [
    "gallery/zh-CN",
    {
      "data": {
        "basePath": "/",
        "contentPath": "src/content/gallery",
        "items": [
          {
            "label": "Robin即兴工作",
            "photo": "./team/robin.jpg",
          },
          {
            "label": "Robin演示",
            "photo": "./team/robin-presents.jpeg",
          },
          {
            "label": "我们的实验室",
            "photo": "./team/our-lab.jpg",
          },
          {
            "label": "团队静修2024",
            "photo": "./team/retraite-2024.jpg",
          },
        ],
        "locale": "zh-CN",
        "translationId": "src/content/gallery/gallery.yml",
      },
      "filePath": "src/content/gallery/gallery.yml",
      "id": "gallery/zh-CN",
    },
  ],
]
`;

exports[`i18nFileLoader > should throw error if i18n config is missing 1`] = `[Error: i18n configuration is missing in your astro config]`;
